export const snapshot = {};

snapshot[`base_path plugin 1`] = `
{
  formats: [
    {
      engines: 0,
      ext: ".page.toml",
      loader: [AsyncFunction: toml],
      pageType: "page",
    },
    {
      engines: 1,
      ext: ".page.ts",
      loader: [AsyncFunction: module],
      pageType: "page",
    },
    {
      engines: 1,
      ext: ".page.js",
      loader: [AsyncFunction: module],
      pageType: "page",
    },
    {
      engines: 0,
      ext: ".page.jsonc",
      loader: [AsyncFunction: json],
      pageType: "page",
    },
    {
      engines: 0,
      ext: ".page.json",
      loader: [AsyncFunction: json],
      pageType: "page",
    },
    {
      dataLoader: [AsyncFunction: json],
      engines: 0,
      ext: ".json",
      loader: [AsyncFunction: json],
    },
    {
      dataLoader: [AsyncFunction: json],
      engines: 0,
      ext: ".jsonc",
      loader: [AsyncFunction: json],
    },
    {
      engines: 1,
      ext: ".md",
      loader: [AsyncFunction: text],
      pageType: "page",
    },
    {
      engines: 1,
      ext: ".markdown",
      loader: [AsyncFunction: text],
      pageType: "page",
    },
    {
      dataLoader: [AsyncFunction: module],
      engines: 1,
      ext: ".js",
      loader: [AsyncFunction: module],
    },
    {
      dataLoader: [AsyncFunction: module],
      engines: 1,
      ext: ".ts",
      loader: [AsyncFunction: module],
    },
    {
      engines: 1,
      ext: ".vento",
      loader: [AsyncFunction: text],
      pageType: "page",
    },
    {
      engines: 1,
      ext: ".vto",
      loader: [AsyncFunction: text],
      pageType: "page",
    },
    {
      dataLoader: [AsyncFunction: toml],
      engines: 0,
      ext: ".toml",
      loader: [AsyncFunction: toml],
    },
    {
      dataLoader: [AsyncFunction: yaml],
      engines: 0,
      ext: ".yaml",
      loader: [AsyncFunction: yaml],
      pageType: "page",
    },
    {
      dataLoader: [AsyncFunction: yaml],
      engines: 0,
      ext: ".yml",
      loader: [AsyncFunction: yaml],
      pageType: "page",
    },
    {
      assetLoader: [AsyncFunction: text],
      engines: undefined,
      ext: ".css",
      pageType: "asset",
    },
  ],
  src: [
    "/",
    "/index.vto",
    "/styles.css",
  ],
}
`;

snapshot[`base_path plugin 2`] = `[]`;

snapshot[`base_path plugin 3`] = `
[
  {
    content: '<!DOCTYPE html>
<html lang="en"><head>
  <meta charset="UTF-8">
  <meta http-equiv="X-UA-Compatible" content="IE=edge">
  <meta name="viewport" content="width=device-width, initial-scale=1.0">
  <title>Document</title>
  <link id="style-1" rel="stylesheet" href="/blog/style.css">
  <link id="style-2" rel="stylesheet" href="other-styles.css">
  <link id="style-3" rel="stylesheet" href="./other-styles.css">
  <link id="preload-1" rel="preload" href="/blog/fonts/cicle_fina-webfont.woff2" as="font" type="font/woff2" crossorigin="">
  <link id="preload-2" rel="preload" as="image" imagesrcset="/blog/image-400.jpg 400w, /blog/image-800.jpg 800w, /blog/image-1600.jpg 1600w" imagesizes="100vw">
</head>
<body>
  <a id="link-1" href="/blog/">Home</a>
  <a id="link-2" href="/blog/">Blog</a>
  <img id="img-1" src="/blog/img/avatar.png">
  <img id="img-2" srcset="/blog/image-400.jpg 400w, /blog/image-800.jpg 800w, /blog/image-1600.jpg 1600w" sizes="100vw" alt="">
  <picture>
    <source id="source-1" srcset="/blog/image.jpeg x1, /blog/image-big.jpeg">
  </picture>
  <video poster="/blog/image.jpeg"></video>
  <script id="script-1" src="/blog/script.js"></script>

</body></html>',
    data: {
      basename: "index",
      children: '<!DOCTYPE html>
<html lang="en">
<head>
  <meta charset="UTF-8">
  <meta http-equiv="X-UA-Compatible" content="IE=edge">
  <meta name="viewport" content="width=device-width, initial-scale=1.0">
  <title>Document</title>
  <link id="style-1" rel="stylesheet" href="/style.css">
  <link id="style-2" rel="stylesheet" href="other-styles.css">
  <link id="style-3" rel="stylesheet" href="./other-styles.css">
  <link id="preload-1" rel="preload" href="/fonts/cicle_fina-webfont.woff2" as="font" type="font/woff2" crossorigin>
  <link id="preload-2" rel="preload" as="image" imagesrcset="/image-400.jpg 400w, /image-800.jpg 800w, /image-1600.jpg 1600w" imagesizes="100vw">
</head>
<body>
  <a id="link-1" href="/">Home</a>
  <a id="link-2" href="/blog/">Blog</a>
  <img id="img-1" src="/img/avatar.png">
  <img id="img-2" srcset="/image-400.jpg 400w, /image-800.jpg 800w, /image-1600.jpg 1600w" sizes="100vw" alt="">
  <picture>
    <source id="source-1" srcset="/blog/image.jpeg x1, /blog/image-big.jpeg">
  </picture>
  <video poster="/image.jpeg"></video>
  <script id="script-1" src="/script.js"></script>
</body>
</html>',
      content: '<!DOCTYPE html>
<html lang="en">
<head>
  <meta charset="UTF-8">
  <meta http-equiv="X-UA-Compatible" content="IE=edge">
  <meta name="viewport" content="width=device-width, initial-scale=1.0">
  <title>Document</title>
  <link id="style-1" rel="stylesheet" href="/style.css">
  <link id="style-2" rel="stylesheet" href="other-styles.css">
  <link id="style-3" rel="stylesheet" href="./other-styles.css">
  <link id="preload-1" rel="preload" href="/fonts/cicle_fina-webfont.woff2" as="font" type="font/woff2" crossorigin>
  <link id="preload-2" rel="preload" as="image" imagesrcset="/image-400.jpg 400w, /image-800.jpg 800w, /image-1600.jpg 1600w" imagesizes="100vw">
</head>
<body>
  <a id="link-1" href="/">Home</a>
  <a id="link-2" href="/blog/">Blog</a>
  <img id="img-1" src="/img/avatar.png">
  <img id="img-2" srcset="/image-400.jpg 400w, /image-800.jpg 800w, /image-1600.jpg 1600w" sizes="100vw" alt="">
  <picture>
    <source id="source-1" srcset="/blog/image.jpeg x1, /blog/image-big.jpeg">
  </picture>
  <video poster="/image.jpeg"></video>
  <script id="script-1" src="/script.js"></script>
</body>
</html>',
      date: [],
      mergedKeys: [
        "tags",
      ],
      page: [
        "src",
        "data",
        "asset",
      ],
      paginate: "paginate",
      search: [],
      tags: "Array(0)",
      url: "/",
    },
    src: {
      asset: false,
      ext: ".vto",
      path: "/index",
      remote: undefined,
    },
  },
  {
    content: '@import "/blog/style.css";
@import "other-styles.css";
@import "./other-styles.css";
@import "/blog/style.css";
@import "other-styles.css";
@import "./other-styles.css";
@import url("/blog/style.css");
@import url("other-styles.css");
@import url("./other-styles.css");
@import url("/blog/style.css");
@import url("other-styles.css");
@import url("./other-styles.css");

@font-face {
  font-family: "foo";
  src: url("/blog/fonts/cicle_fina-webfont.woff2");
}

div {
  background-image: url("/blog/img/avatar.png");

}
',
    data: {
      basename: "styles",
      content: \`@import "/style.css";
@import "other-styles.css";
@import "./other-styles.css";
@import '/style.css';
@import 'other-styles.css';
@import './other-styles.css';
@import url('/style.css');
@import url('other-styles.css');
@import url('./other-styles.css');
@import url(/style.css);
@import url(other-styles.css);
@import url(./other-styles.css);

@font-face {
  font-family: "foo";
  src: url("/fonts/cicle_fina-webfont.woff2");
}

div {
  background-image: url("/img/avatar.png");

}
\`,
      date: [],
      mergedKeys: [
        "tags",
      ],
      page: [
        "src",
        "data",
        "asset",
      ],
      paginate: "paginate",
      search: [],
      tags: "Array(0)",
      url: "/styles.css",
    },
    src: {
      asset: true,
      ext: ".css",
      path: "/styles",
      remote: undefined,
    },
  },
]
`;
