export const snapshot = {};

snapshot[`Build a markdown site 1`] = `
{
  formats: [
    {
      engines: 0,
      ext: ".page.toml",
      loader: [AsyncFunction: toml],
      pageType: "page",
    },
    {
      engines: 1,
      ext: ".page.ts",
      loader: [AsyncFunction: module],
      pageType: "page",
    },
    {
      engines: 1,
      ext: ".page.js",
      loader: [AsyncFunction: module],
      pageType: "page",
    },
    {
      engines: 0,
      ext: ".page.jsonc",
      loader: [AsyncFunction: json],
      pageType: "page",
    },
    {
      engines: 0,
      ext: ".page.json",
      loader: [AsyncFunction: json],
      pageType: "page",
    },
    {
      dataLoader: [AsyncFunction: json],
      engines: 0,
      ext: ".json",
      loader: [AsyncFunction: json],
    },
    {
      dataLoader: [AsyncFunction: json],
      engines: 0,
      ext: ".jsonc",
      loader: [AsyncFunction: json],
    },
    {
      engines: 1,
      ext: ".md",
      loader: [AsyncFunction: text],
      pageType: "page",
    },
    {
      engines: 1,
      ext: ".markdown",
      loader: [AsyncFunction: text],
      pageType: "page",
    },
    {
      dataLoader: [AsyncFunction: module],
      engines: 1,
      ext: ".js",
      loader: [AsyncFunction: module],
    },
    {
      dataLoader: [AsyncFunction: module],
      engines: 1,
      ext: ".ts",
      loader: [AsyncFunction: module],
    },
    {
      engines: 1,
      ext: ".vento",
      loader: [AsyncFunction: text],
      pageType: "page",
    },
    {
      engines: 1,
      ext: ".vto",
      loader: [AsyncFunction: text],
      pageType: "page",
    },
    {
      dataLoader: [AsyncFunction: toml],
      engines: 0,
      ext: ".toml",
      loader: [AsyncFunction: toml],
    },
    {
      dataLoader: [AsyncFunction: yaml],
      engines: 0,
      ext: ".yaml",
      loader: [AsyncFunction: yaml],
      pageType: "page",
    },
    {
      dataLoader: [AsyncFunction: yaml],
      engines: 0,
      ext: ".yml",
      loader: [AsyncFunction: yaml],
      pageType: "page",
    },
  ],
  src: [
    "/",
    "/basic.md",
    "/empty.md",
    "/footnote.md",
    "/with-attributes.md",
    "/with-code.md",
    "/with-deflist.md",
    "/with-filter.vto",
    "/with-module.page.js",
    "/with-vento.md",
  ],
}
`;

snapshot[`Build a markdown site 2`] = `[]`;

snapshot[`Build a markdown site 3`] = `
[
  {
    content: "<!DOCTYPE html>
<h1>Normal page</h1>
<ul>
<li>List</li>
<li>Of</li>
<li>Elements</li>
</ul>
",
    data: {
      basename: "basic",
      children: "<h1>Normal page</h1>
<ul>
<li>List</li>
<li>Of</li>
<li>Elements</li>
</ul>
",
      content: "# Normal page

- List
- Of
- Elements
",
      date: [],
      mergedKeys: [
        "tags",
      ],
      page: [
        "src",
        "data",
        "asset",
      ],
      paginate: "paginate",
      search: [],
      tags: "Array(0)",
      title: "Basic page",
      url: "/basic/",
    },
    src: {
      asset: false,
      ext: ".md",
      path: "/basic",
      remote: undefined,
    },
  },
  {
    content: \`<!DOCTYPE html>
<p>Here is a footnote reference,<sup class="footnote-ref"><a href="#fn1" id="fnref1">[1]</a></sup> and another.<sup class="footnote-ref"><a href="#fn2" id="fnref2">[2]</a></sup></p>
<!-- deno-fmt-ignore -->
<p>Subsequent paragraphs are indented to show that they
belong to the previous footnote.</p>
<h4 class="mt-3">Footnotes</h4>
<section class="footnotes">
<ol class="footnotes-list">
<li id="fn1" class="footnote-item"><p>Here is the footnote. <a href="#fnref1" class="footnote-backref">↩︎</a></p>
</li>
<li id="fn2" class="footnote-item"><p>Here's one with multiple blocks. <a href="#fnref2" class="footnote-backref">↩︎</a></p>
</li>
</ol>
</section>
\`,
    data: {
      basename: "footnote",
      children: \`<p>Here is a footnote reference,<sup class="footnote-ref"><a href="#fn1" id="fnref1">[1]</a></sup> and another.<sup class="footnote-ref"><a href="#fn2" id="fnref2">[2]</a></sup></p>
<!-- deno-fmt-ignore -->
<p>Subsequent paragraphs are indented to show that they
belong to the previous footnote.</p>
<h4 class="mt-3">Footnotes</h4>
<section class="footnotes">
<ol class="footnotes-list">
<li id="fn1" class="footnote-item"><p>Here is the footnote. <a href="#fnref1" class="footnote-backref">↩︎</a></p>
</li>
<li id="fn2" class="footnote-item"><p>Here's one with multiple blocks. <a href="#fnref2" class="footnote-backref">↩︎</a></p>
</li>
</ol>
</section>
\`,
      content: "Here is a footnote reference,[^1] and another.[^longnote]

[^1]: Here is the footnote.

[^longnote]: Here's one with multiple blocks.

<!-- deno-fmt-ignore -->
    Subsequent paragraphs are indented to show that they
    belong to the previous footnote.
",
      date: [],
      mergedKeys: [
        "tags",
      ],
      page: [
        "src",
        "data",
        "asset",
      ],
      paginate: "paginate",
      search: [],
      tags: "Array(0)",
      url: "/footnote/",
    },
    src: {
      asset: false,
      ext: ".md",
      path: "/footnote",
      remote: undefined,
    },
  },
  {
    content: '<!DOCTYPE html>
<p><a href="#foo" target="_blank">link</a></p>
',
    data: {
      basename: "with-attributes",
      children: '<p><a href="#foo" target="_blank">link</a></p>
',
      content: "[link](#foo){target=_blank}
",
      date: [],
      mergedKeys: [
        "tags",
      ],
      page: [
        "src",
        "data",
        "asset",
      ],
      paginate: "paginate",
      search: [],
      tags: "Array(0)",
      url: "/with-attributes/",
    },
    src: {
      asset: false,
      ext: ".md",
      path: "/with-attributes",
      remote: undefined,
    },
  },
  {
    content: '<!DOCTYPE html>
<pre><code class="language-html">&lt;p&gt;Example&lt;/p&gt;
</code></pre>
<pre><code>&lt;p&gt;Example without color highlight&lt;/p&gt;
</code></pre>
<p>Not indented code</p>
',
    data: {
      basename: "with-code",
      children: '<pre><code class="language-html">&lt;p&gt;Example&lt;/p&gt;
</code></pre>
<pre><code>&lt;p&gt;Example without color highlight&lt;/p&gt;
</code></pre>
<p>Not indented code</p>
',
      content: "\`\`\`html
<p>Example</p>
\`\`\`

\`\`\`
<p>Example without color highlight</p>
\`\`\`

    Not indented code
",
      date: [],
      mergedKeys: [
        "tags",
      ],
      page: [
        "src",
        "data",
        "asset",
      ],
      paginate: "paginate",
      search: [],
      tags: "Array(0)",
      url: "/with-code/",
    },
    src: {
      asset: false,
      ext: ".md",
      path: "/with-code",
      remote: undefined,
    },
  },
  {
    content: "<!DOCTYPE html>
<!-- deno-fmt-ignore-file -->
<dl>
<dt>This is a definition title</dt>
<dd>And this the description</dd>
<dd>Other description</dd>
<dt>Other title</dt>
<dd>And other description</dd>
</dl>
",
    data: {
      basename: "with-deflist",
      children: "<!-- deno-fmt-ignore-file -->
<dl>
<dt>This is a definition title</dt>
<dd>And this the description</dd>
<dd>Other description</dd>
<dt>Other title</dt>
<dd>And other description</dd>
</dl>
",
      content: "<!-- deno-fmt-ignore-file -->
This is a definition title
: And this the description
: Other description

Other title
: And other description
",
      date: [],
      mergedKeys: [
        "tags",
      ],
      page: [
        "src",
        "data",
        "asset",
      ],
      paginate: "paginate",
      search: [],
      tags: "Array(0)",
      url: "/with-deflist/",
    },
    src: {
      asset: false,
      ext: ".md",
      path: "/with-deflist",
      remote: undefined,
    },
  },
  {
    content: '<!DOCTYPE html>
<h1>Module <strong>example</strong></h1>

<div><p>Welcome to this <a href="/">page</a></p></div>
',
    data: {
      basename: "with-filter",
      children: '<h1>Module <strong>example</strong></h1>

<div><p>Welcome to this <a href="/">page</a></p></div>
',
      content: "<h1>{{ title |> md(true) }}</h1>

<div>{{ description |> md }}</div>
",
      date: [],
      description: "Welcome to this [page](/)
",
      mergedKeys: [
        "tags",
      ],
      page: [
        "src",
        "data",
        "asset",
      ],
      paginate: "paginate",
      search: [],
      tags: "Array(0)",
      title: "Module **example**",
      url: "/with-filter/",
    },
    src: {
      asset: false,
      ext: ".vto",
      path: "/with-filter",
      remote: undefined,
    },
  },
  {
    content: '<!DOCTYPE html>
<h1>Module example</h1>
<p><a href="/">Back to home</a></p>
',
    data: {
      basename: "with-module",
      children: '<h1>Module example</h1>
<p><a href="/">Back to home</a></p>
',
      content: "default",
      date: [],
      mergedKeys: [
        "tags",
      ],
      page: [
        "src",
        "data",
        "asset",
      ],
      paginate: "paginate",
      search: [],
      tags: "Array(0)",
      templateEngine: "js,md",
      title: "Module example",
      url: "/with-module/",
    },
    src: {
      asset: false,
      ext: ".page.js",
      path: "/with-module",
      remote: undefined,
    },
  },
  {
    content: '<!DOCTYPE html>
<!-- deno-fmt-ignore-file -->
<h1>Module <strong>example</strong></h1>
<p>Foo</p>
<ul>
<li>one: <a href="/items/un.html">un</a></li>
<li>two: <a href="/items/dous.html">dous</a></li>
<li>three: <a href="/items/tres.html">tres</a></li>
</ul>
',
    data: {
      basename: "with-vento",
      children: '<!-- deno-fmt-ignore-file -->
<h1>Module <strong>example</strong></h1>
<p>Foo</p>
<ul>
<li>one: <a href="/items/un.html">un</a></li>
<li>two: <a href="/items/dous.html">dous</a></li>
<li>three: <a href="/items/tres.html">tres</a></li>
</ul>
',
      content: "<!-- deno-fmt-ignore-file -->
# {{ title }}

Foo

{{ for title, no of myData }}
- {{ title }}: [{{ no }}](/items/{{ no }}.html)
{{- /for }}
",
      date: [],
      mergedKeys: [
        "tags",
      ],
      myData: [
        "one",
        "two",
        "three",
      ],
      page: [
        "src",
        "data",
        "asset",
      ],
      paginate: "paginate",
      search: [],
      tags: "Array(0)",
      templateEngine: "vto,md",
      title: "Module **example**",
      url: "/with-vento/",
    },
    src: {
      asset: false,
      ext: ".md",
      path: "/with-vento",
      remote: undefined,
    },
  },
]
`;

snapshot[`Build a markdown with hooks 1`] = `
{
  formats: [
    {
      engines: 0,
      ext: ".page.toml",
      loader: [AsyncFunction: toml],
      pageType: "page",
    },
    {
      engines: 1,
      ext: ".page.ts",
      loader: [AsyncFunction: module],
      pageType: "page",
    },
    {
      engines: 1,
      ext: ".page.js",
      loader: [AsyncFunction: module],
      pageType: "page",
    },
    {
      engines: 0,
      ext: ".page.jsonc",
      loader: [AsyncFunction: json],
      pageType: "page",
    },
    {
      engines: 0,
      ext: ".page.json",
      loader: [AsyncFunction: json],
      pageType: "page",
    },
    {
      dataLoader: [AsyncFunction: json],
      engines: 0,
      ext: ".json",
      loader: [AsyncFunction: json],
    },
    {
      dataLoader: [AsyncFunction: json],
      engines: 0,
      ext: ".jsonc",
      loader: [AsyncFunction: json],
    },
    {
      engines: 1,
      ext: ".md",
      loader: [AsyncFunction: text],
      pageType: "page",
    },
    {
      engines: 1,
      ext: ".markdown",
      loader: [AsyncFunction: text],
      pageType: "page",
    },
    {
      dataLoader: [AsyncFunction: module],
      engines: 1,
      ext: ".js",
      loader: [AsyncFunction: module],
    },
    {
      dataLoader: [AsyncFunction: module],
      engines: 1,
      ext: ".ts",
      loader: [AsyncFunction: module],
    },
    {
      engines: 1,
      ext: ".vento",
      loader: [AsyncFunction: text],
      pageType: "page",
    },
    {
      engines: 1,
      ext: ".vto",
      loader: [AsyncFunction: text],
      pageType: "page",
    },
    {
      dataLoader: [AsyncFunction: toml],
      engines: 0,
      ext: ".toml",
      loader: [AsyncFunction: toml],
    },
    {
      dataLoader: [AsyncFunction: yaml],
      engines: 0,
      ext: ".yaml",
      loader: [AsyncFunction: yaml],
      pageType: "page",
    },
    {
      dataLoader: [AsyncFunction: yaml],
      engines: 0,
      ext: ".yml",
      loader: [AsyncFunction: yaml],
      pageType: "page",
    },
  ],
  src: [
    "/",
    "/basic.md",
    "/empty.md",
    "/footnote.md",
    "/with-attributes.md",
    "/with-code.md",
    "/with-deflist.md",
    "/with-filter.vto",
    "/with-module.page.js",
    "/with-vento.md",
  ],
}
`;

snapshot[`Build a markdown with hooks 2`] = `[]`;

snapshot[`Build a markdown with hooks 3`] = `
[
  {
    content: "<!DOCTYPE html>
<h1>Normal page</h1>
<ul>
<li>List</li>
<li>Of</li>
<li>Elements</li>
</ul>
",
    data: {
      basename: "basic",
      children: "<h1>Normal page</h1>
<ul>
<li>List</li>
<li>Of</li>
<li>Elements</li>
</ul>
",
      content: "# Normal page

- List
- Of
- Elements
",
      date: [],
      mergedKeys: [
        "tags",
      ],
      page: [
        "src",
        "data",
        "asset",
      ],
      paginate: "paginate",
      search: [],
      tags: "Array(0)",
      title: "Basic page",
      url: "/basic/",
    },
    src: {
      asset: false,
      ext: ".md",
      path: "/basic",
      remote: undefined,
    },
  },
  {
    content: \`<!DOCTYPE html>
<p>Here is a footnote reference,<sup class="footnote-ref"><a href="#fn1" id="fnref1">[1]</a></sup> and another.<sup class="footnote-ref"><a href="#fn2" id="fnref2">[2]</a></sup></p>
<!-- deno-fmt-ignore -->
<p>Subsequent paragraphs are indented to show that they
belong to the previous footnote.</p>
<h4 class="mt-3">Footnotes</h4>
<section class="footnotes">
<ol class="footnotes-list">
<li id="fn1" class="footnote-item"><p>Here is the footnote. <a href="#fnref1" class="footnote-backref">↩︎</a></p>
</li>
<li id="fn2" class="footnote-item"><p>Here's one with multiple blocks. <a href="#fnref2" class="footnote-backref">↩︎</a></p>
</li>
</ol>
</section>
\`,
    data: {
      basename: "footnote",
      children: \`<p>Here is a footnote reference,<sup class="footnote-ref"><a href="#fn1" id="fnref1">[1]</a></sup> and another.<sup class="footnote-ref"><a href="#fn2" id="fnref2">[2]</a></sup></p>
<!-- deno-fmt-ignore -->
<p>Subsequent paragraphs are indented to show that they
belong to the previous footnote.</p>
<h4 class="mt-3">Footnotes</h4>
<section class="footnotes">
<ol class="footnotes-list">
<li id="fn1" class="footnote-item"><p>Here is the footnote. <a href="#fnref1" class="footnote-backref">↩︎</a></p>
</li>
<li id="fn2" class="footnote-item"><p>Here's one with multiple blocks. <a href="#fnref2" class="footnote-backref">↩︎</a></p>
</li>
</ol>
</section>
\`,
      content: "Here is a footnote reference,[^1] and another.[^longnote]

[^1]: Here is the footnote.

[^longnote]: Here's one with multiple blocks.

<!-- deno-fmt-ignore -->
    Subsequent paragraphs are indented to show that they
    belong to the previous footnote.
",
      date: [],
      mergedKeys: [
        "tags",
      ],
      page: [
        "src",
        "data",
        "asset",
      ],
      paginate: "paginate",
      search: [],
      tags: "Array(0)",
      url: "/footnote/",
    },
    src: {
      asset: false,
      ext: ".md",
      path: "/footnote",
      remote: undefined,
    },
  },
  {
    content: '<!DOCTYPE html>
<p><a href="#foo" target="_blank">link</a></p>
',
    data: {
      basename: "with-attributes",
      children: '<p><a href="#foo" target="_blank">link</a></p>
',
      content: "[link](#foo){target=_blank}
",
      date: [],
      mergedKeys: [
        "tags",
      ],
      page: [
        "src",
        "data",
        "asset",
      ],
      paginate: "paginate",
      search: [],
      tags: "Array(0)",
      url: "/with-attributes/",
    },
    src: {
      asset: false,
      ext: ".md",
      path: "/with-attributes",
      remote: undefined,
    },
  },
  {
    content: '<!DOCTYPE html>
<pre><code class="language-html">&lt;p&gt;Example&lt;/p&gt;
</code></pre>
<pre><code>&lt;p&gt;Example without color highlight&lt;/p&gt;
</code></pre>
<p>Not indented code</p>
',
    data: {
      basename: "with-code",
      children: '<pre><code class="language-html">&lt;p&gt;Example&lt;/p&gt;
</code></pre>
<pre><code>&lt;p&gt;Example without color highlight&lt;/p&gt;
</code></pre>
<p>Not indented code</p>
',
      content: "\`\`\`html
<p>Example</p>
\`\`\`

\`\`\`
<p>Example without color highlight</p>
\`\`\`

    Not indented code
",
      date: [],
      mergedKeys: [
        "tags",
      ],
      page: [
        "src",
        "data",
        "asset",
      ],
      paginate: "paginate",
      search: [],
      tags: "Array(0)",
      url: "/with-code/",
    },
    src: {
      asset: false,
      ext: ".md",
      path: "/with-code",
      remote: undefined,
    },
  },
  {
    content: "<!DOCTYPE html>
<!-- deno-fmt-ignore-file -->
<dl>
<dt>This is a definition title</dt>
<dd>And this the description</dd>
<dd>Other description</dd>
<dt>Other title</dt>
<dd>And other description</dd>
</dl>
",
    data: {
      basename: "with-deflist",
      children: "<!-- deno-fmt-ignore-file -->
<dl>
<dt>This is a definition title</dt>
<dd>And this the description</dd>
<dd>Other description</dd>
<dt>Other title</dt>
<dd>And other description</dd>
</dl>
",
      content: "<!-- deno-fmt-ignore-file -->
This is a definition title
: And this the description
: Other description

Other title
: And other description
",
      date: [],
      mergedKeys: [
        "tags",
      ],
      page: [
        "src",
        "data",
        "asset",
      ],
      paginate: "paginate",
      search: [],
      tags: "Array(0)",
      url: "/with-deflist/",
    },
    src: {
      asset: false,
      ext: ".md",
      path: "/with-deflist",
      remote: undefined,
    },
  },
  {
    content: '<!DOCTYPE html>
<h1>Module <strong>example</strong></h1>

<div><p>Welcome to this <a href="/">page</a></p></div>
',
    data: {
      basename: "with-filter",
      children: '<h1>Module <strong>example</strong></h1>

<div><p>Welcome to this <a href="/">page</a></p></div>
',
      content: "<h1>{{ title |> md(true) }}</h1>

<div>{{ description |> md }}</div>
",
      date: [],
      description: "Welcome to this [page](/)
",
      mergedKeys: [
        "tags",
      ],
      page: [
        "src",
        "data",
        "asset",
      ],
      paginate: "paginate",
      search: [],
      tags: "Array(0)",
      title: "Module **example**",
      url: "/with-filter/",
    },
    src: {
      asset: false,
      ext: ".vto",
      path: "/with-filter",
      remote: undefined,
    },
  },
  {
    content: '<!DOCTYPE html>
<h1>Module example</h1>
<p><a href="/">Back to home</a></p>
',
    data: {
      basename: "with-module",
      children: '<h1>Module example</h1>
<p><a href="/">Back to home</a></p>
',
      content: "default",
      date: [],
      mergedKeys: [
        "tags",
      ],
      page: [
        "src",
        "data",
        "asset",
      ],
      paginate: "paginate",
      search: [],
      tags: "Array(0)",
      templateEngine: "js,md",
      title: "Module example",
      url: "/with-module/",
    },
    src: {
      asset: false,
      ext: ".page.js",
      path: "/with-module",
      remote: undefined,
    },
  },
  {
    content: '<!DOCTYPE html>
<!-- deno-fmt-ignore-file -->
<h1>Module <strong>example</strong></h1>
<p>Foo</p>
<ul>
<li>one: <a href="/items/un.html">un</a></li>
<li>two: <a href="/items/dous.html">dous</a></li>
<li>three: <a href="/items/tres.html">tres</a></li>
</ul>
',
    data: {
      basename: "with-vento",
      children: '<!-- deno-fmt-ignore-file -->
<h1>Module <strong>example</strong></h1>
<p>Foo</p>
<ul>
<li>one: <a href="/items/un.html">un</a></li>
<li>two: <a href="/items/dous.html">dous</a></li>
<li>three: <a href="/items/tres.html">tres</a></li>
</ul>
',
      content: "<!-- deno-fmt-ignore-file -->
# {{ title }}

Foo

{{ for title, no of myData }}
- {{ title }}: [{{ no }}](/items/{{ no }}.html)
{{- /for }}
",
      date: [],
      mergedKeys: [
        "tags",
      ],
      myData: [
        "one",
        "two",
        "three",
      ],
      page: [
        "src",
        "data",
        "asset",
      ],
      paginate: "paginate",
      search: [],
      tags: "Array(0)",
      templateEngine: "vto,md",
      title: "Module **example**",
      url: "/with-vento/",
    },
    src: {
      asset: false,
      ext: ".md",
      path: "/with-vento",
      remote: undefined,
    },
  },
]
`;
