export const snapshot = {};

snapshot[`no_cors middleware 1`] = `
{
  body: "OK",
  headers: {
    "access-control-allow-origin": "*",
    "content-type": "text/plain;charset=UTF-8",
  },
  request: "http://localhost/",
  status: 200,
  statusText: "",
}
`;
