export const snapshot = {};

snapshot[`no cache middleware 1`] = `
{
  body: "Hello World",
  headers: {
    "cache-control": "no-cache no-store must-revalidate",
    "content-type": "text/plain;charset=UTF-8",
  },
  request: "http://localhost/",
  status: 200,
  statusText: "",
}
`;
