export const snapshot = {};

snapshot[`Copy static files 1`] = `
{
  formats: [
    {
      engines: 0,
      ext: ".page.toml",
      loader: [AsyncFunction: toml],
      pageType: "page",
    },
    {
      engines: 1,
      ext: ".page.ts",
      loader: [AsyncFunction: module],
      pageType: "page",
    },
    {
      engines: 1,
      ext: ".page.js",
      loader: [AsyncFunction: module],
      pageType: "page",
    },
    {
      engines: 0,
      ext: ".page.jsonc",
      loader: [AsyncFunction: json],
      pageType: "page",
    },
    {
      engines: 0,
      ext: ".page.json",
      loader: [AsyncFunction: json],
      pageType: "page",
    },
    {
      dataLoader: [AsyncFunction: json],
      engines: 0,
      ext: ".json",
      loader: [AsyncFunction: json],
    },
    {
      dataLoader: [AsyncFunction: json],
      engines: 0,
      ext: ".jsonc",
      loader: [AsyncFunction: json],
    },
    {
      engines: 1,
      ext: ".md",
      loader: [AsyncFunction: text],
      pageType: "page",
    },
    {
      engines: 1,
      ext: ".markdown",
      loader: [AsyncFunction: text],
      pageType: "page",
    },
    {
      copy: true,
      dataLoader: [AsyncFunction: module],
      engines: 1,
      ext: ".js",
      loader: [AsyncFunction: module],
    },
    {
      dataLoader: [AsyncFunction: module],
      engines: 1,
      ext: ".ts",
      loader: [AsyncFunction: module],
    },
    {
      engines: 1,
      ext: ".vento",
      loader: [AsyncFunction: text],
      pageType: "page",
    },
    {
      engines: 1,
      ext: ".vto",
      loader: [AsyncFunction: text],
      pageType: "page",
    },
    {
      dataLoader: [AsyncFunction: toml],
      engines: 0,
      ext: ".toml",
      loader: [AsyncFunction: toml],
    },
    {
      dataLoader: [AsyncFunction: yaml],
      engines: 0,
      ext: ".yaml",
      loader: [AsyncFunction: yaml],
      pageType: "page",
    },
    {
      dataLoader: [AsyncFunction: yaml],
      engines: 0,
      ext: ".yml",
      loader: [AsyncFunction: yaml],
      pageType: "page",
    },
    {
      copy: true,
      engines: undefined,
      ext: ".css",
    },
    {
      copy: true,
      engines: undefined,
      ext: ".copy",
    },
    {
      copy: [Function (anonymous)],
      engines: undefined,
      ext: ".copy2",
    },
  ],
  src: [
    "/",
    "/_headers",
    "/_static",
    "/_static/inner",
    "/_static/inner/yes.txt",
    "/four.no",
    "/one.yes",
    "/other",
    "/other/one",
    "/other/two",
    "/other2",
    "/other2/one",
    "/other2/two",
    "/posts",
    "/posts/2022-01-01_first-post",
    "/posts/2022-01-01_first-post/assets",
    "/posts/2022-01-01_first-post/assets/inner",
    "/posts/2022-01-01_first-post/assets/inner/inner2",
    "/posts/2022-01-01_first-post/assets/inner/inner2/styles.scss",
    "/posts/2022-01-01_first-post/assets/inner/styles1.scss",
    "/posts/2022-01-01_first-post/assets/styles.scss",
    "/posts/2022-01-01_first-post/callback.copy2",
    "/posts/2022-01-01_first-post/individual-file",
    "/posts/2022-01-01_first-post/inner",
    "/posts/2022-01-01_first-post/inner/callback1.copy2",
    "/posts/2022-01-01_first-post/inner/inner2",
    "/posts/2022-01-01_first-post/inner/inner2/callback2.copy2",
    "/posts/2022-01-01_first-post/inner/inner2/to-copy2.copy",
    "/posts/2022-01-01_first-post/inner/to-copy1.copy",
    "/posts/2022-01-01_first-post/to-copy.copy",
    "/script",
    "/script/2022-01-01_app",
    "/script/2022-01-01_app/main.js",
    "/static",
    "/static/_no-copy",
    "/static/_redirects",
    "/static/one.yes",
    "/static/two.yes",
    "/styles",
    "/styles.css",
    "/styles/main.css",
    "/three.no",
    "/two.yes",
  ],
}
`;

snapshot[`Copy static files 2`] = `
[
  {
    entry: "/_headers",
    flags: [],
    outputPath: "/_headers",
  },
  {
    entry: "/_static/inner/yes.txt",
    flags: [],
    outputPath: "/inner/yes.txt",
  },
  {
    entry: "/other/one",
    flags: [],
    outputPath: "/other/one",
  },
  {
    entry: "/other/two",
    flags: [],
    outputPath: "/other/two",
  },
  {
    entry: "/other2/one",
    flags: [],
    outputPath: "/other2/one",
  },
  {
    entry: "/other2/two",
    flags: [],
    outputPath: "/other2/two",
  },
  {
    entry: "/posts/2022-01-01_first-post/assets/inner/inner2/styles.scss",
    flags: [],
    outputPath: "/posts/first-post/assets/inner/inner2/styles.css",
  },
  {
    entry: "/posts/2022-01-01_first-post/assets/inner/styles1.scss",
    flags: [],
    outputPath: "/posts/first-post/assets/inner/styles1.css",
  },
  {
    entry: "/posts/2022-01-01_first-post/assets/styles.scss",
    flags: [],
    outputPath: "/posts/first-post/assets/styles.css",
  },
  {
    entry: "/posts/2022-01-01_first-post/callback.copy2",
    flags: [],
    outputPath: "/subdir/posts/first-post/callback.copy3",
  },
  {
    entry: "/posts/2022-01-01_first-post/individual-file",
    flags: [],
    outputPath: "/posts/first-post/individual-file",
  },
  {
    entry: "/posts/2022-01-01_first-post/inner/callback1.copy2",
    flags: [],
    outputPath: "/subdir/posts/first-post/inner/callback1.copy3",
  },
  {
    entry: "/posts/2022-01-01_first-post/inner/inner2/callback2.copy2",
    flags: [],
    outputPath: "/subdir/posts/first-post/inner/inner2/callback2.copy3",
  },
  {
    entry: "/posts/2022-01-01_first-post/inner/inner2/to-copy2.copy",
    flags: [],
    outputPath: "/posts/first-post/inner/inner2/to-copy2.copy",
  },
  {
    entry: "/posts/2022-01-01_first-post/inner/to-copy1.copy",
    flags: [],
    outputPath: "/posts/first-post/inner/to-copy1.copy",
  },
  {
    entry: "/posts/2022-01-01_first-post/to-copy.copy",
    flags: [],
    outputPath: "/posts/first-post/to-copy.copy",
  },
  {
    entry: "/script/2022-01-01_app/main.js",
    flags: [],
    outputPath: "/script/app/main.js",
  },
  {
    entry: "/static/one.yes",
    flags: [],
    outputPath: "/one.yes",
  },
  {
    entry: "/static/two.yes",
    flags: [],
    outputPath: "/two.yes",
  },
  {
    entry: "/styles.css",
    flags: [],
    outputPath: "/styles.css",
  },
  {
    entry: "/styles/main.css",
    flags: [],
    outputPath: "/styles/main.css",
  },
]
`;

snapshot[`Copy static files 3`] = `[]`;
